// Jest Snapshot v1, https://goo.gl/fbAQLP

exports[`Test1 should render correctly 1`] = `
<div>
  <input
    checked={false}
    className="my-checkbox"
    onChange={[Function]}
    type="checkbox"
    value="oof"
  />
  <div>
    False
  </div>
</div>
`;
