// Jest Snapshot v1, https://goo.gl/fbAQLP

exports[`Test0Stateless should render correctly 1`] = `
<div>
  Hello World!
</div>
`;
